Renesas Optimizing Linker (W3.03.00 )             15-Jun-2021 17:57:31

*** Options ***

-MAKEUD=DefaultBuild\Jason-002.lk.ud
-subcommand=DefaultBuild\Jason-002.clnk
-Input=DefaultBuild\cstart.obj
-Input=DefaultBuild\stkinit.obj
-Input=DefaultBuild\r_main.obj
-Input=DefaultBuild\r_systeminit.obj
-Input=DefaultBuild\r_cg_cgc.obj
-Input=DefaultBuild\r_cg_cgc_user.obj
-Input=DefaultBuild\r_cg_port.obj
-Input=DefaultBuild\r_cg_port_user.obj
-Input=DefaultBuild\r_cg_serial.obj
-Input=DefaultBuild\r_cg_serial_user.obj
-Input=DefaultBuild\r_cg_adc.obj
-Input=DefaultBuild\r_cg_adc_user.obj
-Input=DefaultBuild\r_cg_it.obj
-Input=DefaultBuild\r_cg_it_user.obj
-Input=DefaultBuild\R_adc.obj
-Input=DefaultBuild\flash.obj
-Input=DefaultBuild\R_IIC.obj
-Input=DefaultBuild\r_cg_timer.obj
-Input=DefaultBuild\r_cg_timer_user.obj
-Input=DefaultBuild\r_cg_wdt.obj
-Input=DefaultBuild\r_cg_wdt_user.obj
-Input=DefaultBuild\R_LED_board.obj
-Input=DefaultBuild\R_system.obj
-Input=DefaultBuild\R_uart0.obj
-Input=DefaultBuild\R_uart1.obj
-Input=DefaultBuild\R_uart2.obj
-LIBrary=source\dataflash\pfdl.lib
-SECURITY_ID=00000000000000000000
-DEVICE=C:\Program Files (x86)\Renesas Electronics\CS+\CC\Device\RL78\Devicefile\DR5F100LE.DVF
-DEBug
-NOCOmpress
-NOOPtimize
-OUtput=DefaultBuild\Jason-002.abs
-LIBrary=C:\Program Files (x86)\Renesas Electronics\CS+\CC\CC-RL\V1.10.00\lib\rl78cm4s.lib
-LIBrary=C:\Program Files (x86)\Renesas Electronics\CS+\CC\CC-RL\V1.10.00\lib\malloc_n.lib
-LIBrary=C:\Program Files (x86)\Renesas Electronics\CS+\CC\CC-RL\V1.10.00\lib\rl78cm4r.lib
-OCDBG=84
-DEBUG_MONITOR=FE00-FFFF
-USER_OPT_BYTE=FF73E9
-LISt=DefaultBuild\Jason-002.map
-STARt=PFDL_COD/000D8,.const,.text,.RLIB,.SLIB,.textf,.constf,.data,.sdata/02000,.dataR,.bss/FF300,.sdataR,.sbss/FFE20
-ROm=.data=.dataR
-ROm=.sdata=.sdataR
-NOMessage
-MEMory=High
-NOLOgo
-end

*** Error information ***

*** Mapping List ***

SECTION                            START      END         SIZE   ALIGN
.vect
                                  00000000  0000007f        80   0
.option_byte
                                  000000c0  000000c3         4   1
.security_id
                                  000000c4  000000cd         a   1
.monitor1
                                  000000ce  000000d7         a   1
PFDL_COD
                                  000000d8  00000165        8e   2
.const
                                  00002000  00002257       258   2
.text
                                  00002258  000024c7       270   1
.RLIB
                                  000024c8  000025c3        fc   1
.SLIB
                                  000025c4  000025c4         0   1
.textf
                                  000025c4  00005c0a      3647   1
.constf
                                  00005c0c  00005c0c         0   2
.data
                                  00005c0c  00005cad        a2   2
.sdata
                                  00005cae  00005cae         0   2
.monitor2
                                  0000fe00  0000ffff       200   1
.dataR
                                  000ff300  000ff3a1        a2   2
.bss
                                  000ff3a2  000ff9d8       637   2
.sdataR
                                  000ffe20  000ffe20         0   2
.sbss
                                  000ffe20  000ffe20         0   2
